==== Arpeggio 
---- It should define key mappings properly. 
...........



**** Result ****


11 examples, 0 failures
